// Jest Snapshot v1, https://goo.gl/fbAQLP

exports[`Import media controller tests Import playlists works 1`] = `"{"exported":10,"saved":10}"`;

exports[`Import media controller tests Import tracks by playlist works 1`] = `"{"exported":150,"saved":150}"`;
