// Jest Snapshot v1, https://goo.gl/fbAQLP

exports[`Auth controllers tests Auth with not valid login 1`] = `"{"error":"Inkorrect credentials"}"`;
