// Jest Snapshot v1, https://goo.gl/fbAQLP

exports[`Auth tests Auth wrong credentials 1`] = `
ErrorDTO {
  "error": "Inkorrect credentials",
}
`;
